Total distance:    90.0
Not covered:    76.0
Percentage covered:  15.6%
