Total distance:    90.0
Not covered:    80.0
Percentage covered:  11.1%
