Total distance:   190.9
Not covered:    59.1
Percentage covered:  69.0%
