Total distance:   100.0
Not covered:    63.0
Percentage covered:  37.0%
