Total distance:   242.1
Not covered:     0.7
Percentage covered:  99.7%
