Total distance:   242.1
Not covered:     0.8
Percentage covered:  99.7%
