Total distance:   230.0
Not covered:     9.0
Percentage covered:  96.1%
