Total distance:   100.0
Not covered:    80.0
Percentage covered:  20.0%
