Total distance: 10000.0
Not covered:     0.1
Percentage covered: 100.0%
